app/api/contact/route.ts(33,9): error TS2353: Object literal may only specify known properties, and 'name' does not exist in type 'Without<ContactMessageCreateInput, ContactMessageUncheckedCreateInput> & ContactMessageUncheckedCreateInput'.
app/api/user/certificates/[id]/download/route.ts(58,22): error TS2551: Property 'pdfContent' does not exist on type '{ id: string; createdAt: Date; userId: string; kraPin: string; taxpayerName: string; type: string; content: string; fileName: string; }'. Did you mean 'content'?
app/api/user/certificates/[id]/download/route.ts(63,47): error TS2551: Property 'pdfContent' does not exist on type '{ id: string; createdAt: Date; userId: string; kraPin: string; taxpayerName: string; type: string; content: string; fileName: string; }'. Did you mean 'content'?
app/api/user/certificates/route.ts(29,9): error TS2353: Object literal may only specify known properties, and 'details' does not exist in type 'CertificateSelect<DefaultArgs>'.
app/api/user/certificates/route.ts(64,9): error TS2353: Object literal may only specify known properties, and 'details' does not exist in type 'Without<CertificateCreateInput, CertificateUncheckedCreateInput> & CertificateUncheckedCreateInput'.
